these 4 derivations will be built:
  /nix/store/c1gd6dfafkkydyb2m5jdvq0lbi5kh4iq-build1.drv
  /nix/store/4yl1w7nxwkvppszrgyf75vhzlnvv0fx4-build2.drv
  /nix/store/hlwsfxglgp220pqnara7qyvzqp5alyj5-build3.drv
  /nix/store/2n6czldgnhjh0bshi6dhs3brzxpkcbk7-build4.drv
building '/nix/store/c1gd6dfafkkydyb2m5jdvq0lbi5kh4iq-build1.drv'...
Finishing build
building '/nix/store/4yl1w7nxwkvppszrgyf75vhzlnvv0fx4-build2.drv'...
Finishing build
building '/nix/store/hlwsfxglgp220pqnara7qyvzqp5alyj5-build3.drv'...
Finishing build
building '/nix/store/2n6czldgnhjh0bshi6dhs3brzxpkcbk7-build4.drv'...
Finishing build
