/nix/store/z41m8147d2zrkp1rfxrsw8r0mylzzqc8-build1
/nix/store/x8r7rjimhn6alyln68hbryqhjbapkzq1-build2
/nix/store/b4601pj97cjf6z6vrwyisrychh0n0007-build3
/nix/store/pq5i0crbvdp8rljvibgc87bzw3xbf88d-build4
